ORACLE_SCENES 16 873
ORACLE_SCENES 32 873
ORACLE_SCENES 48 873
ORACLE_SCENES 64 873
ORACLE_SCENES 80 873
ORACLE_SCENES 96 873
ORACLE_SCENES 112 873
ORACLE_SCENES 128 873
ORACLE_SCENES 144 873
ORACLE_SCENES 160 873
ORACLE_SCENES 176 873
ORACLE_SCENES 192 873
ORACLE_SCENES 208 873
ORACLE_SCENES 224 873
ORACLE_SCENES 240 873
ORACLE_SCENES 256 873
ORACLE_SCENES 272 873
ORACLE_SCENES 288 873
ORACLE_SCENES 304 873
ORACLE_SCENES 320 873
ORACLE_SCENES 336 873
ORACLE_SCENES 352 873
ORACLE_SCENES 368 873
ORACLE_SCENES 384 873
ORACLE_SCENES 400 873
ORACLE_SCENES 416 873
ORACLE_SCENES 432 873
ORACLE_SCENES 448 873
ORACLE_SCENES 464 873
ORACLE_SCENES 480 873
ORACLE_SCENES 496 873
ORACLE_SCENES 512 873
ORACLE_SCENES 528 873
ORACLE_SCENES 544 873
ORACLE_SCENES 560 873
ORACLE_SCENES 576 873
ORACLE_SCENES 592 873
ORACLE_SCENES 608 873
ORACLE_SCENES 624 873
ORACLE_SCENES 640 873
ORACLE_SCENES 656 873
ORACLE_SCENES 672 873
ORACLE_SCENES 688 873
ORACLE_SCENES 704 873
ORACLE_SCENES 720 873
ORACLE_SCENES 736 873
ORACLE_SCENES 752 873
ORACLE_SCENES 768 873
ORACLE_SCENES 784 873
ORACLE_SCENES 800 873
ORACLE_SCENES 816 873
ORACLE_SCENES 832 873
ORACLE_SCENES 848 873
ORACLE_SCENES 864 873
