5/60 cases; errors=0
10/60 cases; errors=0
15/60 cases; errors=0
20/60 cases; errors=0
25/60 cases; errors=0
30/60 cases; errors=0
35/60 cases; errors=0
40/60 cases; errors=0
45/60 cases; errors=0
50/60 cases; errors=0
55/60 cases; errors=0
60/60 cases; errors=0
{
  "P4_current": {
    "n": 20,
    "all_clear": 20,
    "clear_rate": 1.0,
    "mean": 1157.2357602296959,
    "median": 897.0315606786942,
    "P90": 2001.063470914939,
    "P95": 3099.3219193217524,
    "P99": 3180.6656295479643,
    "max": 3201.0015571045174,
    "mean_distance": 63691.60105932192,
    "P95_distance": 193825.28474179882,
    "fallback_rate": 0.65,
    "fallback_count": 25,
    "mean_fallback_grid_points": 244.55,
    "clear_attempts": 2263,
    "optical_clear_attempts": 2005,
    "diagnostic_count": 0,
    "detect_count": 10973,
    "switch_count": 10047,
    "paired_mean_delta": 0.0,
    "paired_wins": 0,
    "paired_losses": 0
  },
  "P4_diagnostic_v1": {
    "n": 20,
    "all_clear": 20,
    "clear_rate": 1.0,
    "mean": 838.0594587875878,
    "median": 826.222659135202,
    "P90": 1012.938195960268,
    "P95": 1041.7444666907081,
    "P99": 1087.7048771766044,
    "max": 1099.1949797980787,
    "mean_distance": 41522.75839257294,
    "P95_distance": 45717.82602052932,
    "fallback_rate": 0.2,
    "fallback_count": 4,
    "mean_fallback_grid_points": 33.1,
    "clear_attempts": 618,
    "optical_clear_attempts": 339,
    "diagnostic_count": 43,
    "detect_count": 11016,
    "switch_count": 10067,
    "paired_mean_delta": -319.176301442108,
    "paired_wins": 9,
    "paired_losses": 4
  },
  "P4_diagnostic_v2": {
    "n": 20,
    "all_clear": 20,
    "clear_rate": 1.0,
    "mean": 830.4666417369165,
    "median": 796.1670497248367,
    "P90": 1012.938195960268,
    "P95": 1041.7444666907081,
    "P99": 1087.7048771766044,
    "max": 1099.1949797980787,
    "mean_distance": 41114.269480620576,
    "P95_distance": 45342.179141924076,
    "fallback_rate": 0.05,
    "fallback_count": 1,
    "mean_fallback_grid_points": 16.25,
    "clear_attempts": 410,
    "optical_clear_attempts": 128,
    "diagnostic_count": 45,
    "detect_count": 11018,
    "switch_count": 10067,
    "paired_mean_delta": -326.7691184927793,
    "paired_wins": 9,
    "paired_losses": 4
  }
}
